src/app/page.tsx(440,9): error TS2322: Type '{ id: any; nom: any; date: any; lieu: any; archive: any; participants: { id: any; nom: any; email: any; telephone: any; villeDepart: any; statut: any; billetsEnvoyes: any; dejaExporte: any; optionsChoisies: any; propositionTransport: any; propositionHotel: any; }[]; }[]' is not assignable to type 'Congres[]'.
  Property 'heure' is missing in type '{ id: any; nom: any; date: any; lieu: any; archive: any; participants: { id: any; nom: any; email: any; telephone: any; villeDepart: any; statut: any; billetsEnvoyes: any; dejaExporte: any; optionsChoisies: any; propositionTransport: any; propositionHotel: any; }[]; }' but required in type 'Congres'.
src/app/page.tsx(503,17): error TS2339: Property 'id' does not exist on type 'ExportHistory'.
src/app/page.tsx(505,26): error TS2339: Property 'description' does not exist on type 'ExportHistory'.
src/app/page.tsx(506,30): error TS2339: Property 'nbParticipants' does not exist on type 'ExportHistory'.
src/app/page.tsx(534,30): error TS2339: Property 'billetsEnvoyes' does not exist on type 'Participant'.
src/app/page.tsx(536,31): error TS2339: Property 'optionsChoisies' does not exist on type 'Participant'.
src/app/page.tsx(537,36): error TS2339: Property 'propositionTransport' does not exist on type 'Participant'.
src/app/page.tsx(538,32): error TS2339: Property 'propositionHotel' does not exist on type 'Participant'.
